// Jest Snapshot v1, https://goo.gl/fbAQLP

exports[`Modal Component should match to snapshot 1`] = `
<ContextConsumer>
  <Component />
</ContextConsumer>
`;
